---
source: tests/proc-macro/tests/dynamic_bonding_curve.rs
expression: "dynamic_bonding_curve::PROTOBUF_SCHEMA"
---
syntax = "proto3";

package dynamic_bonding_curve;

message PublicKey {
  bytes value = 1;
}
    
message BaseFeeConfig {
  uint64 cliff_fee_numerator = 1;
  uint64 second_factor = 2;
  uint64 third_factor = 3;
  uint32 first_factor = 4;
  uint32 base_fee_mode = 5;
  bytes padding0 = 6;
}
    
message BaseFeeParameters {
  uint64 cliff_fee_numerator = 1;
  uint32 first_factor = 2;
  uint64 second_factor = 3;
  uint64 third_factor = 4;
  uint32 base_fee_mode = 5;
}
    
message ConfigParameters {
  PoolFeeParameters pool_fees = 1;
  uint32 collect_fee_mode = 2;
  uint32 migration_option = 3;
  uint32 activation_type = 4;
  uint32 token_type = 5;
  uint32 token_decimal = 6;
  uint32 partner_liquidity_percentage = 7;
  uint32 partner_permanent_locked_liquidity_percentage = 8;
  uint32 creator_liquidity_percentage = 9;
  uint32 creator_permanent_locked_liquidity_percentage = 10;
  uint64 migration_quote_threshold = 11;
  bytes sqrt_start_price = 12;
  LockedVestingParams locked_vesting = 13;
  uint32 migration_fee_option = 14;
  optional TokenSupplyParams token_supply = 15;
  uint32 creator_trading_fee_percentage = 16;
  uint32 token_update_authority = 17;
  MigrationFee migration_fee = 18;
  MigratedPoolFee migrated_pool_fee = 19;
  uint64 pool_creation_fee = 20;
  LiquidityVestingInfoParams partner_liquidity_vesting_info = 21;
  LiquidityVestingInfoParams creator_liquidity_vesting_info = 22;
  uint32 migrated_pool_base_fee_mode = 23;
  MigratedPoolMarketCapFeeSchedulerParams migrated_pool_market_cap_fee_scheduler_params = 24;
  bool enable_first_swap_with_min_fee = 25;
  bytes padding = 26;
  repeated LiquidityDistributionParameters curve = 27;
}
    
message DynamicFeeConfig {
  uint32 initialized = 1;
  bytes padding = 2;
  uint32 max_volatility_accumulator = 3;
  uint32 variable_fee_control = 4;
  uint32 bin_step = 5;
  uint32 filter_period = 6;
  uint32 decay_period = 7;
  uint32 reduction_factor = 8;
  bytes padding2 = 9;
  bytes bin_step_u128 = 10;
}
    
message DynamicFeeParameters {
  uint32 bin_step = 1;
  bytes bin_step_u128 = 2;
  uint32 filter_period = 3;
  uint32 decay_period = 4;
  uint32 reduction_factor = 5;
  uint32 max_volatility_accumulator = 6;
  uint32 variable_fee_control = 7;
}
    
message EvtClaimCreatorTradingFee {
  PublicKey pool = 1;
  uint64 token_base_amount = 2;
  uint64 token_quote_amount = 3;
}
    
message EvtClaimPoolCreationFee {
  PublicKey pool = 1;
  PublicKey receiver = 2;
  uint64 creation_fee = 3;
}
    
message EvtClaimProtocolFee {
  PublicKey pool = 1;
  uint64 token_base_amount = 2;
  uint64 token_quote_amount = 3;
}
    
message EvtClaimProtocolLiquidityMigrationFee {
  PublicKey pool = 1;
  uint64 token_base_amount = 2;
  uint64 token_quote_amount = 3;
}
    
message EvtClaimTradingFee {
  PublicKey pool = 1;
  uint64 token_base_amount = 2;
  uint64 token_quote_amount = 3;
}
    
message EvtCloseClaimFeeOperator {
  PublicKey claim_fee_operator = 1;
  PublicKey operator = 2;
}
    
message EvtCreateClaimFeeOperator {
  PublicKey operator = 1;
}
    
message EvtCreateConfig {
  PublicKey config = 1;
  PublicKey quote_mint = 2;
  PublicKey fee_claimer = 3;
  PublicKey owner = 4;
  PoolFeeParameters pool_fees = 5;
  uint32 collect_fee_mode = 6;
  uint32 migration_option = 7;
  uint32 activation_type = 8;
  uint32 token_decimal = 9;
  uint32 token_type = 10;
  uint32 partner_permanent_locked_liquidity_percentage = 11;
  uint32 partner_liquidity_percentage = 12;
  uint32 creator_permanent_locked_liquidity_percentage = 13;
  uint32 creator_liquidity_percentage = 14;
  uint64 swap_base_amount = 15;
  uint64 migration_quote_threshold = 16;
  uint64 migration_base_amount = 17;
  bytes sqrt_start_price = 18;
  LockedVestingParams locked_vesting = 19;
  uint32 migration_fee_option = 20;
  uint32 fixed_token_supply_flag = 21;
  uint64 pre_migration_token_supply = 22;
  uint64 post_migration_token_supply = 23;
  repeated LiquidityDistributionParameters curve = 24;
}
    
message EvtCreateConfigV2 {
  PublicKey config = 1;
  PublicKey quote_mint = 2;
  PublicKey fee_claimer = 3;
  PublicKey leftover_receiver = 4;
  ConfigParameters config_parameters = 5;
}
    
message EvtCreateMeteoraMigrationMetadata {
  PublicKey virtual_pool = 1;
}
    
message EvtCreatorWithdrawSurplus {
  PublicKey pool = 1;
  uint64 surplus_amount = 2;
}
    
message EvtCurveComplete {
  PublicKey pool = 1;
  PublicKey config = 2;
  uint64 base_reserve = 3;
  uint64 quote_reserve = 4;
}
    
message EvtInitializePool {
  PublicKey pool = 1;
  PublicKey config = 2;
  PublicKey creator = 3;
  PublicKey base_mint = 4;
  uint32 pool_type = 5;
  uint64 activation_point = 6;
}
    
message EvtPartnerClaimPoolCreationFee {
  PublicKey pool = 1;
  PublicKey partner = 2;
  uint64 creation_fee = 3;
  PublicKey fee_receiver = 4;
}
    
message EvtPartnerMetadata {
  PublicKey partner_metadata = 1;
  PublicKey fee_claimer = 2;
}
    
message EvtPartnerWithdrawMigrationFee {
  PublicKey pool = 1;
  uint64 fee = 2;
}
    
message EvtPartnerWithdrawSurplus {
  PublicKey pool = 1;
  uint64 surplus_amount = 2;
}
    
message EvtSwap {
  PublicKey pool = 1;
  PublicKey config = 2;
  uint32 trade_direction = 3;
  bool has_referral = 4;
  SwapParameters params = 5;
  SwapResult swap_result = 6;
  uint64 amount_in = 7;
  uint64 current_timestamp = 8;
}
    
message EvtSwap2 {
  PublicKey pool = 1;
  PublicKey config = 2;
  uint32 trade_direction = 3;
  bool has_referral = 4;
  SwapParameters2 swap_parameters = 5;
  SwapResult2 swap_result = 6;
  uint64 quote_reserve_amount = 7;
  uint64 migration_threshold = 8;
  uint64 current_timestamp = 9;
}
    
message EvtUpdatePoolCreator {
  PublicKey pool = 1;
  PublicKey creator = 2;
  PublicKey new_creator = 3;
}
    
message EvtVirtualPoolMetadata {
  PublicKey virtual_pool_metadata = 1;
  PublicKey virtual_pool = 2;
}
    
message EvtWithdrawLeftover {
  PublicKey pool = 1;
  PublicKey leftover_receiver = 2;
  uint64 leftover_amount = 3;
}
    
message EvtWithdrawMigrationFee {
  PublicKey pool = 1;
  uint64 fee = 2;
  uint32 flag = 3;
}
    
message InitializePoolParameters {
  string name = 1;
  string symbol = 2;
  string uri = 3;
}
    
message LiquidityDistributionConfig {
  bytes sqrt_price = 1;
  bytes liquidity = 2;
}
    
message LiquidityDistributionParameters {
  bytes sqrt_price = 1;
  bytes liquidity = 2;
}
    
message LiquidityVestingInfo {
  uint32 is_initialized = 1;
  uint32 vesting_percentage = 2;
  bytes padding = 3;
  uint32 bps_per_period = 4;
  uint32 number_of_periods = 5;
  uint32 frequency = 6;
  uint32 cliff_duration_from_migration_time = 7;
}
    
message LiquidityVestingInfoParams {
  uint32 vesting_percentage = 1;
  uint32 bps_per_period = 2;
  uint32 number_of_periods = 3;
  uint32 cliff_duration_from_migration_time = 4;
  uint32 frequency = 5;
}
    
message LockedVestingConfig {
  uint64 amount_per_period = 1;
  uint64 cliff_duration_from_migration_time = 2;
  uint64 frequency = 3;
  uint64 number_of_period = 4;
  uint64 cliff_unlock_amount = 5;
  uint64 padding = 6;
}
    
message LockedVestingParams {
  uint64 amount_per_period = 1;
  uint64 cliff_duration_from_migration_time = 2;
  uint64 frequency = 3;
  uint64 number_of_period = 4;
  uint64 cliff_unlock_amount = 5;
}
    
message MigratedPoolFee {
  uint32 collect_fee_mode = 1;
  uint32 dynamic_fee = 2;
  uint32 pool_fee_bps = 3;
}
    
message MigratedPoolMarketCapFeeSchedulerParams {
  uint32 number_of_period = 1;
  uint32 sqrt_price_step_bps = 2;
  uint32 scheduler_expiration_duration = 3;
  uint64 reduction_factor = 4;
}
    
message MigrationFee {
  uint32 fee_percentage = 1;
  uint32 creator_fee_percentage = 2;
}
    
message PoolFeeParameters {
  BaseFeeParameters base_fee = 1;
  optional DynamicFeeParameters dynamic_fee = 2;
}
    
message PoolFees {
  uint64 trade_fee_numerator = 1;
  uint64 trade_fee_denominator = 2;
  uint64 protocol_trade_fee_numerator = 3;
  uint64 protocol_trade_fee_denominator = 4;
}
    
message PoolFeesConfig {
  BaseFeeConfig base_fee = 1;
  DynamicFeeConfig dynamic_fee = 2;
}
    
message PoolMetrics {
  uint64 total_protocol_base_fee = 1;
  uint64 total_protocol_quote_fee = 2;
  uint64 total_trading_base_fee = 3;
  uint64 total_trading_quote_fee = 4;
}
    
message SwapParameters {
  uint64 amount_in = 1;
  uint64 minimum_amount_out = 2;
}
    
message SwapParameters2 {
  uint64 amount0 = 1;
  uint64 amount1 = 2;
  uint32 swap_mode = 3;
}
    
message SwapResult {
  uint64 actual_input_amount = 1;
  uint64 output_amount = 2;
  bytes next_sqrt_price = 3;
  uint64 trading_fee = 4;
  uint64 protocol_fee = 5;
  uint64 referral_fee = 6;
}
    
message SwapResult2 {
  uint64 included_fee_input_amount = 1;
  uint64 excluded_fee_input_amount = 2;
  uint64 amount_left = 3;
  uint64 output_amount = 4;
  bytes next_sqrt_price = 5;
  uint64 trading_fee = 6;
  uint64 protocol_fee = 7;
  uint64 referral_fee = 8;
}
    
message TokenSupplyParams {
  uint64 pre_migration_token_supply = 1;
  uint64 post_migration_token_supply = 2;
}
    
message VolatilityTracker {
  uint64 last_update_timestamp = 1;
  bytes padding = 2;
  bytes sqrt_price_reference = 3;
  bytes volatility_accumulator = 4;
  bytes volatility_reference = 5;
}
    
message ClaimFeeOperator {
  PublicKey operator = 1;
  bytes padding = 2;
}
    
message Config {
  PoolFees pool_fees = 1;
  uint64 activation_duration = 2;
  PublicKey vault_config_key = 3;
  PublicKey pool_creator_authority = 4;
  uint32 activation_type = 5;
  uint64 partner_fee_numerator = 6;
  bytes padding = 7;
}
    
message LockEscrow {
  PublicKey pool = 1;
  PublicKey owner = 2;
  PublicKey escrow_vault = 3;
  uint32 bump = 4;
  uint64 total_locked_amount = 5;
  bytes lp_per_token = 6;
  uint64 unclaimed_fee_pending = 7;
  uint64 a_fee = 8;
  uint64 b_fee = 9;
}
    
message MeteoraDammMigrationMetadata {
  PublicKey virtual_pool = 1;
  bytes padding0 = 2;
  PublicKey partner = 3;
  PublicKey lp_mint = 4;
  uint64 partner_locked_liquidity = 5;
  uint64 partner_liquidity = 6;
  uint64 creator_locked_liquidity = 7;
  uint64 creator_liquidity = 8;
  uint32 padding0_2 = 9;
  uint32 creator_locked_status = 10;
  uint32 partner_locked_status = 11;
  uint32 creator_claim_status = 12;
  uint32 partner_claim_status = 13;
  bytes padding = 14;
}
    
message PartnerMetadata {
  PublicKey fee_claimer = 1;
  repeated bytes padding = 2;
  string name = 3;
  string website = 4;
  string logo = 5;
}
    
message PoolConfig {
  PublicKey quote_mint = 1;
  PublicKey fee_claimer = 2;
  PublicKey leftover_receiver = 3;
  PoolFeesConfig pool_fees = 4;
  LiquidityVestingInfo partner_liquidity_vesting_info = 5;
  LiquidityVestingInfo creator_liquidity_vesting_info = 6;
  bytes padding0 = 7;
  uint32 padding1 = 8;
  uint32 collect_fee_mode = 9;
  uint32 migration_option = 10;
  uint32 activation_type = 11;
  uint32 token_decimal = 12;
  uint32 version = 13;
  uint32 token_type = 14;
  uint32 quote_token_flag = 15;
  uint32 partner_permanent_locked_liquidity_percentage = 16;
  uint32 partner_liquidity_percentage = 17;
  uint32 creator_permanent_locked_liquidity_percentage = 18;
  uint32 creator_liquidity_percentage = 19;
  uint32 migration_fee_option = 20;
  uint32 fixed_token_supply_flag = 21;
  uint32 creator_trading_fee_percentage = 22;
  uint32 token_update_authority = 23;
  uint32 migration_fee_percentage = 24;
  uint32 creator_migration_fee_percentage = 25;
  bytes padding2 = 26;
  uint64 swap_base_amount = 27;
  uint64 migration_quote_threshold = 28;
  uint64 migration_base_threshold = 29;
  bytes migration_sqrt_price = 30;
  LockedVestingConfig locked_vesting_config = 31;
  uint64 pre_migration_token_supply = 32;
  uint64 post_migration_token_supply = 33;
  uint32 migrated_collect_fee_mode = 34;
  uint32 migrated_dynamic_fee = 35;
  uint32 migrated_pool_fee_bps = 36;
  uint32 migrated_pool_base_fee_mode = 37;
  uint32 enable_first_swap_with_min_fee = 38;
  bytes padding1_2 = 39;
  uint64 pool_creation_fee = 40;
  bytes migrated_pool_base_fee_bytes = 41;
  bytes sqrt_start_price = 42;
  repeated LiquidityDistributionConfig curve = 43;
}
    
message VirtualPool {
  VolatilityTracker volatility_tracker = 1;
  PublicKey config = 2;
  PublicKey creator = 3;
  PublicKey base_mint = 4;
  PublicKey base_vault = 5;
  PublicKey quote_vault = 6;
  uint64 base_reserve = 7;
  uint64 quote_reserve = 8;
  uint64 protocol_base_fee = 9;
  uint64 protocol_quote_fee = 10;
  uint64 partner_base_fee = 11;
  uint64 partner_quote_fee = 12;
  bytes sqrt_price = 13;
  uint64 activation_point = 14;
  uint32 pool_type = 15;
  uint32 is_migrated = 16;
  uint32 is_partner_withdraw_surplus = 17;
  uint32 is_protocol_withdraw_surplus = 18;
  uint32 migration_progress = 19;
  uint32 is_withdraw_leftover = 20;
  uint32 is_creator_withdraw_surplus = 21;
  uint32 migration_fee_withdraw_status = 22;
  PoolMetrics metrics = 23;
  uint64 finish_curve_timestamp = 24;
  uint64 creator_base_fee = 25;
  uint64 creator_quote_fee = 26;
  uint32 legacy_creation_fee_bits = 27;
  uint32 creation_fee_bits = 28;
  uint32 has_swap = 29;
  bytes padding0 = 30;
  uint32 protocol_liquidity_migration_fee_bps = 31;
  bytes padding1 = 32;
  uint64 protocol_migration_base_fee_amount = 33;
  uint64 protocol_migration_quote_fee_amount = 34;
  repeated uint64 padding2 = 35;
}
    
message VirtualPoolMetadata {
  PublicKey virtual_pool = 1;
  repeated bytes padding = 2;
  string name = 3;
  string website = 4;
  string logo = 5;
}
    
message ClaimCreatorTradingFeeAccounts {
  PublicKey pool_authority = 1;
  PublicKey pool = 2;
  PublicKey token_a_account = 3;
  PublicKey token_b_account = 4;
  PublicKey base_vault = 5;
  PublicKey quote_vault = 6;
  PublicKey base_mint = 7;
  PublicKey quote_mint = 8;
  PublicKey creator = 9;
  PublicKey token_base_program = 10;
  PublicKey token_quote_program = 11;
  PublicKey event_authority = 12;
  PublicKey program = 13;
}
    
message ClaimCreatorTradingFeeArgs {
  uint64 max_base_amount = 1;
  uint64 max_quote_amount = 2;
}
    
message ClaimCreatorTradingFee {
  optional ClaimCreatorTradingFeeAccounts accounts = 1;
  optional ClaimCreatorTradingFeeArgs args = 2;
}
    
message ClaimPartnerPoolCreationFeeAccounts {
  PublicKey config = 1;
  PublicKey pool = 2;
  PublicKey fee_claimer = 3;
  PublicKey fee_receiver = 4;
  PublicKey event_authority = 5;
  PublicKey program = 6;
}
    
message ClaimPartnerPoolCreationFeeArgs {
}
    
message ClaimPartnerPoolCreationFee {
  optional ClaimPartnerPoolCreationFeeAccounts accounts = 1;
  optional ClaimPartnerPoolCreationFeeArgs args = 2;
}
    
message ClaimProtocolFeeAccounts {
  PublicKey pool_authority = 1;
  PublicKey config = 2;
  PublicKey pool = 3;
  PublicKey base_vault = 4;
  PublicKey quote_vault = 5;
  PublicKey base_mint = 6;
  PublicKey quote_mint = 7;
  PublicKey token_base_account = 8;
  PublicKey token_quote_account = 9;
  PublicKey claim_fee_operator = 10;
  PublicKey signer = 11;
  PublicKey token_base_program = 12;
  PublicKey token_quote_program = 13;
  PublicKey event_authority = 14;
  PublicKey program = 15;
}
    
message ClaimProtocolFeeArgs {
  uint64 max_base_amount = 1;
  uint64 max_quote_amount = 2;
}
    
message ClaimProtocolFee {
  optional ClaimProtocolFeeAccounts accounts = 1;
  optional ClaimProtocolFeeArgs args = 2;
}
    
message ClaimProtocolPoolCreationFeeAccounts {
  PublicKey config = 1;
  PublicKey pool = 2;
  PublicKey claim_fee_operator = 3;
  PublicKey signer = 4;
  PublicKey treasury = 5;
  PublicKey event_authority = 6;
  PublicKey program = 7;
}
    
message ClaimProtocolPoolCreationFeeArgs {
}
    
message ClaimProtocolPoolCreationFee {
  optional ClaimProtocolPoolCreationFeeAccounts accounts = 1;
  optional ClaimProtocolPoolCreationFeeArgs args = 2;
}
    
message ClaimTradingFeeAccounts {
  PublicKey pool_authority = 1;
  PublicKey config = 2;
  PublicKey pool = 3;
  PublicKey token_a_account = 4;
  PublicKey token_b_account = 5;
  PublicKey base_vault = 6;
  PublicKey quote_vault = 7;
  PublicKey base_mint = 8;
  PublicKey quote_mint = 9;
  PublicKey fee_claimer = 10;
  PublicKey token_base_program = 11;
  PublicKey token_quote_program = 12;
  PublicKey event_authority = 13;
  PublicKey program = 14;
}
    
message ClaimTradingFeeArgs {
  uint64 max_amount_a = 1;
  uint64 max_amount_b = 2;
}
    
message ClaimTradingFee {
  optional ClaimTradingFeeAccounts accounts = 1;
  optional ClaimTradingFeeArgs args = 2;
}
    
message CloseClaimProtocolFeeOperatorAccounts {
  PublicKey claim_fee_operator = 1;
  PublicKey rent_receiver = 2;
  PublicKey signer = 3;
  PublicKey event_authority = 4;
  PublicKey program = 5;
}
    
message CloseClaimProtocolFeeOperatorArgs {
}
    
message CloseClaimProtocolFeeOperator {
  optional CloseClaimProtocolFeeOperatorAccounts accounts = 1;
  optional CloseClaimProtocolFeeOperatorArgs args = 2;
}
    
message CreateClaimProtocolFeeOperatorAccounts {
  PublicKey claim_fee_operator = 1;
  PublicKey operator = 2;
  PublicKey signer = 3;
  PublicKey payer = 4;
  PublicKey system_program = 5;
  PublicKey event_authority = 6;
  PublicKey program = 7;
}
    
message CreateClaimProtocolFeeOperatorArgs {
}
    
message CreateClaimProtocolFeeOperator {
  optional CreateClaimProtocolFeeOperatorAccounts accounts = 1;
  optional CreateClaimProtocolFeeOperatorArgs args = 2;
}
    
message CreateConfigAccounts {
  PublicKey config = 1;
  PublicKey fee_claimer = 2;
  PublicKey leftover_receiver = 3;
  PublicKey quote_mint = 4;
  PublicKey payer = 5;
  PublicKey system_program = 6;
  PublicKey event_authority = 7;
  PublicKey program = 8;
}
    
message CreateConfigArgs {
  ConfigParameters config_parameters = 1;
}
    
message CreateConfig {
  optional CreateConfigAccounts accounts = 1;
  optional CreateConfigArgs args = 2;
}
    
message CreateLockerAccounts {
  PublicKey virtual_pool = 1;
  PublicKey config = 2;
  PublicKey pool_authority = 3;
  PublicKey base_vault = 4;
  PublicKey base_mint = 5;
  PublicKey base = 6;
  PublicKey creator = 7;
  PublicKey escrow = 8;
  PublicKey escrow_token = 9;
  PublicKey payer = 10;
  PublicKey token_program = 11;
  PublicKey locker_program = 12;
  PublicKey locker_event_authority = 13;
  PublicKey system_program = 14;
}
    
message CreateLockerArgs {
}
    
message CreateLocker {
  optional CreateLockerAccounts accounts = 1;
  optional CreateLockerArgs args = 2;
}
    
message CreatePartnerMetadataAccounts {
  PublicKey partner_metadata = 1;
  PublicKey payer = 2;
  PublicKey fee_claimer = 3;
  PublicKey system_program = 4;
  PublicKey event_authority = 5;
  PublicKey program = 6;
}
    
message CreatePartnerMetadataArgs {
  bytes padding = 1;
  string name = 2;
  string website = 3;
  string logo = 4;
}
    
message CreatePartnerMetadata {
  optional CreatePartnerMetadataAccounts accounts = 1;
  optional CreatePartnerMetadataArgs args = 2;
}
    
message CreateVirtualPoolMetadataAccounts {
  PublicKey virtual_pool = 1;
  PublicKey virtual_pool_metadata = 2;
  PublicKey creator = 3;
  PublicKey payer = 4;
  PublicKey system_program = 5;
  PublicKey event_authority = 6;
  PublicKey program = 7;
}
    
message CreateVirtualPoolMetadataArgs {
  bytes padding = 1;
  string name = 2;
  string website = 3;
  string logo = 4;
}
    
message CreateVirtualPoolMetadata {
  optional CreateVirtualPoolMetadataAccounts accounts = 1;
  optional CreateVirtualPoolMetadataArgs args = 2;
}
    
message CreatorWithdrawSurplusAccounts {
  PublicKey pool_authority = 1;
  PublicKey config = 2;
  PublicKey virtual_pool = 3;
  PublicKey token_quote_account = 4;
  PublicKey quote_vault = 5;
  PublicKey quote_mint = 6;
  PublicKey creator = 7;
  PublicKey token_quote_program = 8;
  PublicKey event_authority = 9;
  PublicKey program = 10;
}
    
message CreatorWithdrawSurplusArgs {
}
    
message CreatorWithdrawSurplus {
  optional CreatorWithdrawSurplusAccounts accounts = 1;
  optional CreatorWithdrawSurplusArgs args = 2;
}
    
message InitializeVirtualPoolWithSplTokenAccounts {
  PublicKey config = 1;
  PublicKey pool_authority = 2;
  PublicKey creator = 3;
  PublicKey base_mint = 4;
  PublicKey quote_mint = 5;
  PublicKey pool = 6;
  PublicKey base_vault = 7;
  PublicKey quote_vault = 8;
  PublicKey mint_metadata = 9;
  PublicKey metadata_program = 10;
  PublicKey payer = 11;
  PublicKey token_quote_program = 12;
  PublicKey token_program = 13;
  PublicKey system_program = 14;
  PublicKey event_authority = 15;
  PublicKey program = 16;
}
    
message InitializeVirtualPoolWithSplTokenArgs {
  InitializePoolParameters params = 1;
}
    
message InitializeVirtualPoolWithSplToken {
  optional InitializeVirtualPoolWithSplTokenAccounts accounts = 1;
  optional InitializeVirtualPoolWithSplTokenArgs args = 2;
}
    
message InitializeVirtualPoolWithToken2022Accounts {
  PublicKey config = 1;
  PublicKey pool_authority = 2;
  PublicKey creator = 3;
  PublicKey base_mint = 4;
  PublicKey quote_mint = 5;
  PublicKey pool = 6;
  PublicKey base_vault = 7;
  PublicKey quote_vault = 8;
  PublicKey payer = 9;
  PublicKey token_quote_program = 10;
  PublicKey token_program = 11;
  PublicKey system_program = 12;
  PublicKey event_authority = 13;
  PublicKey program = 14;
}
    
message InitializeVirtualPoolWithToken2022Args {
  InitializePoolParameters params = 1;
}
    
message InitializeVirtualPoolWithToken2022 {
  optional InitializeVirtualPoolWithToken2022Accounts accounts = 1;
  optional InitializeVirtualPoolWithToken2022Args args = 2;
}
    
message MigrateMeteoraDammAccounts {
  PublicKey virtual_pool = 1;
  PublicKey migration_metadata = 2;
  PublicKey config = 3;
  PublicKey pool_authority = 4;
  PublicKey pool = 5;
  PublicKey damm_config = 6;
  PublicKey lp_mint = 7;
  PublicKey token_a_mint = 8;
  PublicKey token_b_mint = 9;
  PublicKey a_vault = 10;
  PublicKey b_vault = 11;
  PublicKey a_token_vault = 12;
  PublicKey b_token_vault = 13;
  PublicKey a_vault_lp_mint = 14;
  PublicKey b_vault_lp_mint = 15;
  PublicKey a_vault_lp = 16;
  PublicKey b_vault_lp = 17;
  PublicKey base_vault = 18;
  PublicKey quote_vault = 19;
  PublicKey virtual_pool_lp = 20;
  PublicKey protocol_token_a_fee = 21;
  PublicKey protocol_token_b_fee = 22;
  PublicKey payer = 23;
  PublicKey rent = 24;
  PublicKey mint_metadata = 25;
  PublicKey metadata_program = 26;
  PublicKey amm_program = 27;
  PublicKey vault_program = 28;
  PublicKey token_program = 29;
  PublicKey associated_token_program = 30;
  PublicKey system_program = 31;
}
    
message MigrateMeteoraDammArgs {
}
    
message MigrateMeteoraDamm {
  optional MigrateMeteoraDammAccounts accounts = 1;
  optional MigrateMeteoraDammArgs args = 2;
}
    
message MigrateMeteoraDammClaimLpTokenAccounts {
  PublicKey virtual_pool = 1;
  PublicKey migration_metadata = 2;
  PublicKey pool_authority = 3;
  PublicKey lp_mint = 4;
  PublicKey source_token = 5;
  PublicKey destination_token = 6;
  PublicKey owner = 7;
  PublicKey sender = 8;
  PublicKey token_program = 9;
}
    
message MigrateMeteoraDammClaimLpTokenArgs {
}
    
message MigrateMeteoraDammClaimLpToken {
  optional MigrateMeteoraDammClaimLpTokenAccounts accounts = 1;
  optional MigrateMeteoraDammClaimLpTokenArgs args = 2;
}
    
message MigrateMeteoraDammLockLpTokenAccounts {
  PublicKey virtual_pool = 1;
  PublicKey migration_metadata = 2;
  PublicKey pool_authority = 3;
  PublicKey pool = 4;
  PublicKey lp_mint = 5;
  PublicKey lock_escrow = 6;
  PublicKey owner = 7;
  PublicKey source_tokens = 8;
  PublicKey escrow_vault = 9;
  PublicKey amm_program = 10;
  PublicKey a_vault = 11;
  PublicKey b_vault = 12;
  PublicKey a_vault_lp = 13;
  PublicKey b_vault_lp = 14;
  PublicKey a_vault_lp_mint = 15;
  PublicKey b_vault_lp_mint = 16;
  PublicKey token_program = 17;
}
    
message MigrateMeteoraDammLockLpTokenArgs {
}
    
message MigrateMeteoraDammLockLpToken {
  optional MigrateMeteoraDammLockLpTokenAccounts accounts = 1;
  optional MigrateMeteoraDammLockLpTokenArgs args = 2;
}
    
message MigrationDammV2Accounts {
  PublicKey virtual_pool = 1;
  PublicKey migration_metadata = 2;
  PublicKey config = 3;
  PublicKey pool_authority = 4;
  PublicKey pool = 5;
  PublicKey first_position_nft_mint = 6;
  PublicKey first_position_nft_account = 7;
  PublicKey first_position = 8;
  PublicKey second_position_nft_mint = 9;
  PublicKey second_position_nft_account = 10;
  PublicKey second_position = 11;
  PublicKey damm_pool_authority = 12;
  PublicKey amm_program = 13;
  PublicKey base_mint = 14;
  PublicKey quote_mint = 15;
  PublicKey token_a_vault = 16;
  PublicKey token_b_vault = 17;
  PublicKey base_vault = 18;
  PublicKey quote_vault = 19;
  PublicKey payer = 20;
  PublicKey token_base_program = 21;
  PublicKey token_quote_program = 22;
  PublicKey token2022_program = 23;
  PublicKey damm_event_authority = 24;
  PublicKey system_program = 25;
}
    
message MigrationDammV2Args {
}
    
message MigrationDammV2 {
  optional MigrationDammV2Accounts accounts = 1;
  optional MigrationDammV2Args args = 2;
}
    
message MigrationDammV2CreateMetadataAccounts {
  PublicKey virtual_pool = 1;
  PublicKey config = 2;
  PublicKey migration_metadata = 3;
  PublicKey payer = 4;
  PublicKey system_program = 5;
  PublicKey event_authority = 6;
  PublicKey program = 7;
}
    
message MigrationDammV2CreateMetadataArgs {
}
    
message MigrationDammV2CreateMetadata {
  optional MigrationDammV2CreateMetadataAccounts accounts = 1;
  optional MigrationDammV2CreateMetadataArgs args = 2;
}
    
message MigrationMeteoraDammCreateMetadataAccounts {
  PublicKey virtual_pool = 1;
  PublicKey config = 2;
  PublicKey migration_metadata = 3;
  PublicKey payer = 4;
  PublicKey system_program = 5;
  PublicKey event_authority = 6;
  PublicKey program = 7;
}
    
message MigrationMeteoraDammCreateMetadataArgs {
}
    
message MigrationMeteoraDammCreateMetadata {
  optional MigrationMeteoraDammCreateMetadataAccounts accounts = 1;
  optional MigrationMeteoraDammCreateMetadataArgs args = 2;
}
    
message PartnerWithdrawSurplusAccounts {
  PublicKey pool_authority = 1;
  PublicKey config = 2;
  PublicKey virtual_pool = 3;
  PublicKey token_quote_account = 4;
  PublicKey quote_vault = 5;
  PublicKey quote_mint = 6;
  PublicKey fee_claimer = 7;
  PublicKey token_quote_program = 8;
  PublicKey event_authority = 9;
  PublicKey program = 10;
}
    
message PartnerWithdrawSurplusArgs {
}
    
message PartnerWithdrawSurplus {
  optional PartnerWithdrawSurplusAccounts accounts = 1;
  optional PartnerWithdrawSurplusArgs args = 2;
}
    
message SwapAccounts {
  PublicKey pool_authority = 1;
  PublicKey config = 2;
  PublicKey pool = 3;
  PublicKey input_token_account = 4;
  PublicKey output_token_account = 5;
  PublicKey base_vault = 6;
  PublicKey quote_vault = 7;
  PublicKey base_mint = 8;
  PublicKey quote_mint = 9;
  PublicKey payer = 10;
  PublicKey token_base_program = 11;
  PublicKey token_quote_program = 12;
  PublicKey referral_token_account = 13;
  PublicKey event_authority = 14;
  PublicKey program = 15;
}
    
message SwapArgs {
  SwapParameters params = 1;
}
    
message Swap {
  optional SwapAccounts accounts = 1;
  optional SwapArgs args = 2;
}
    
message Swap2Accounts {
  PublicKey pool_authority = 1;
  PublicKey config = 2;
  PublicKey pool = 3;
  PublicKey input_token_account = 4;
  PublicKey output_token_account = 5;
  PublicKey base_vault = 6;
  PublicKey quote_vault = 7;
  PublicKey base_mint = 8;
  PublicKey quote_mint = 9;
  PublicKey payer = 10;
  PublicKey token_base_program = 11;
  PublicKey token_quote_program = 12;
  PublicKey referral_token_account = 13;
  PublicKey event_authority = 14;
  PublicKey program = 15;
}
    
message Swap2Args {
  SwapParameters2 params = 1;
}
    
message Swap2 {
  optional Swap2Accounts accounts = 1;
  optional Swap2Args args = 2;
}
    
message TransferPoolCreatorAccounts {
  PublicKey virtual_pool = 1;
  PublicKey config = 2;
  PublicKey creator = 3;
  PublicKey new_creator = 4;
  PublicKey event_authority = 5;
  PublicKey program = 6;
}
    
message TransferPoolCreatorArgs {
}
    
message TransferPoolCreator {
  optional TransferPoolCreatorAccounts accounts = 1;
  optional TransferPoolCreatorArgs args = 2;
}
    
message WithdrawLeftoverAccounts {
  PublicKey pool_authority = 1;
  PublicKey config = 2;
  PublicKey virtual_pool = 3;
  PublicKey token_base_account = 4;
  PublicKey base_vault = 5;
  PublicKey base_mint = 6;
  PublicKey leftover_receiver = 7;
  PublicKey token_base_program = 8;
  PublicKey event_authority = 9;
  PublicKey program = 10;
}
    
message WithdrawLeftoverArgs {
}
    
message WithdrawLeftover {
  optional WithdrawLeftoverAccounts accounts = 1;
  optional WithdrawLeftoverArgs args = 2;
}
    
message WithdrawMigrationFeeAccounts {
  PublicKey pool_authority = 1;
  PublicKey config = 2;
  PublicKey virtual_pool = 3;
  PublicKey token_quote_account = 4;
  PublicKey quote_vault = 5;
  PublicKey quote_mint = 6;
  PublicKey sender = 7;
  PublicKey token_quote_program = 8;
  PublicKey event_authority = 9;
  PublicKey program = 10;
}
    
message WithdrawMigrationFeeArgs {
  uint32 flag = 1;
}
    
message WithdrawMigrationFee {
  optional WithdrawMigrationFeeAccounts accounts = 1;
  optional WithdrawMigrationFeeArgs args = 2;
}
    
message DynamicBondingCurveAccount {
  oneof account {
    ClaimFeeOperator claim_fee_operator = 1;
    Config config = 2;
    LockEscrow lock_escrow = 3;
    MeteoraDammMigrationMetadata meteora_damm_migration_metadata = 4;
    PartnerMetadata partner_metadata = 5;
    PoolConfig pool_config = 6;
    VirtualPool virtual_pool = 7;
    VirtualPoolMetadata virtual_pool_metadata = 8;
  }
}
message Instructions {
  oneof instruction {
    ClaimCreatorTradingFee claim_creator_trading_fee = 1;
    ClaimPartnerPoolCreationFee claim_partner_pool_creation_fee = 2;
    ClaimProtocolFee claim_protocol_fee = 3;
    ClaimProtocolPoolCreationFee claim_protocol_pool_creation_fee = 4;
    ClaimTradingFee claim_trading_fee = 5;
    CloseClaimProtocolFeeOperator close_claim_protocol_fee_operator = 6;
    CreateClaimProtocolFeeOperator create_claim_protocol_fee_operator = 7;
    CreateConfig create_config = 8;
    CreateLocker create_locker = 9;
    CreatePartnerMetadata create_partner_metadata = 10;
    CreateVirtualPoolMetadata create_virtual_pool_metadata = 11;
    CreatorWithdrawSurplus creator_withdraw_surplus = 12;
    InitializeVirtualPoolWithSplToken initialize_virtual_pool_with_spl_token = 13;
    InitializeVirtualPoolWithToken2022 initialize_virtual_pool_with_token2022 = 14;
    MigrateMeteoraDamm migrate_meteora_damm = 15;
    MigrateMeteoraDammClaimLpToken migrate_meteora_damm_claim_lp_token = 16;
    MigrateMeteoraDammLockLpToken migrate_meteora_damm_lock_lp_token = 17;
    MigrationDammV2 migration_damm_v2 = 18;
    MigrationDammV2CreateMetadata migration_damm_v2_create_metadata = 19;
    MigrationMeteoraDammCreateMetadata migration_meteora_damm_create_metadata = 20;
    PartnerWithdrawSurplus partner_withdraw_surplus = 21;
    Swap swap = 22;
    Swap2 swap2 = 23;
    TransferPoolCreator transfer_pool_creator = 24;
    WithdrawLeftover withdraw_leftover = 25;
    WithdrawMigrationFee withdraw_migration_fee = 26;
  }
}
