---
source: tests/proc-macro/tests/order_engine.rs
expression: "order_engine::PROTOBUF_SCHEMA"
---
syntax = "proto3";

package order_engine;

message PublicKey {
  bytes value = 1;
}
    
message FillAccounts {
  PublicKey taker = 1;
  PublicKey maker = 2;
  PublicKey taker_input_mint_token_account = 3;
  PublicKey maker_input_mint_token_account = 4;
  PublicKey taker_output_mint_token_account = 5;
  PublicKey maker_output_mint_token_account = 6;
  PublicKey input_mint = 7;
  PublicKey input_token_program = 8;
  PublicKey output_mint = 9;
  PublicKey output_token_program = 10;
  PublicKey system_program = 11;
}
    
message FillArgs {
  uint64 input_amount = 1;
  uint64 output_amount = 2;
  int64 expire_at = 3;
}
    
message Fill {
  optional FillAccounts accounts = 1;
  optional FillArgs args = 2;
}
    
message Instructions {
  oneof instruction {
    Fill fill = 1;
  }
}
