---
source: tests/proc-macro/tests/pump_fun.rs
expression: "pump_fun::PROTOBUF_SCHEMA"
---
syntax = "proto3";

package pump_fun;

message PublicKey {
  bytes value = 1;
}
    
message ConfigStatus {
}
    
message FeeTier {
}
    
message Fees {
}
    
message OptionBool {
}
    
message Shareholder {
}
    
message BondingCurve {
}
    
message FeeConfig {
}
    
message Global {
}
    
message GlobalVolumeAccumulator {
}
    
message SharingConfig {
}
    
message UserVolumeAccumulator {
}
    
message AdminSetCreatorAccounts {
  PublicKey admin_set_creator_authority = 1;
  PublicKey global = 2;
  PublicKey mint = 3;
  PublicKey bonding_curve = 4;
  PublicKey event_authority = 5;
  PublicKey program = 6;
  repeated PublicKey remaining_accounts = 7;
}
    
message AdminSetCreatorArgs {
  PublicKey creator = 1;
}
    
message AdminSetCreator {
  AdminSetCreatorAccounts accounts = 1;
  AdminSetCreatorArgs args = 2;
}
    
message AdminSetIdlAuthorityAccounts {
  PublicKey authority = 1;
  PublicKey global = 2;
  PublicKey idl_account = 3;
  PublicKey system_program = 4;
  PublicKey program_signer = 5;
  PublicKey event_authority = 6;
  PublicKey program = 7;
  repeated PublicKey remaining_accounts = 8;
}
    
message AdminSetIdlAuthorityArgs {
  PublicKey idl_authority = 1;
}
    
message AdminSetIdlAuthority {
  AdminSetIdlAuthorityAccounts accounts = 1;
  AdminSetIdlAuthorityArgs args = 2;
}
    
message AdminUpdateTokenIncentivesAccounts {
  PublicKey authority = 1;
  PublicKey global = 2;
  PublicKey global_volume_accumulator = 3;
  PublicKey mint = 4;
  PublicKey global_incentive_token_account = 5;
  PublicKey associated_token_program = 6;
  PublicKey system_program = 7;
  PublicKey token_program = 8;
  PublicKey event_authority = 9;
  PublicKey program = 10;
  repeated PublicKey remaining_accounts = 11;
}
    
message AdminUpdateTokenIncentivesArgs {
  int64 start_time = 1;
  int64 end_time = 2;
  int64 seconds_in_a_day = 3;
  uint64 day_number = 4;
  uint64 pump_token_supply_per_day = 5;
}
    
message AdminUpdateTokenIncentives {
  AdminUpdateTokenIncentivesAccounts accounts = 1;
  AdminUpdateTokenIncentivesArgs args = 2;
}
    
message BuyAccounts {
  PublicKey global = 1;
  PublicKey fee_recipient = 2;
  PublicKey mint = 3;
  PublicKey bonding_curve = 4;
  PublicKey associated_bonding_curve = 5;
  PublicKey associated_user = 6;
  PublicKey user = 7;
  PublicKey system_program = 8;
  PublicKey token_program = 9;
  PublicKey creator_vault = 10;
  PublicKey event_authority = 11;
  PublicKey program = 12;
  PublicKey global_volume_accumulator = 13;
  PublicKey user_volume_accumulator = 14;
  PublicKey fee_config = 15;
  PublicKey fee_program = 16;
  repeated PublicKey remaining_accounts = 17;
}
    
message BuyArgs {
  uint64 amount = 1;
  uint64 max_sol_cost = 2;
  OptionBool track_volume = 3;
}
    
message Buy {
  BuyAccounts accounts = 1;
  BuyArgs args = 2;
}
    
message BuyExactSolInAccounts {
  PublicKey global = 1;
  PublicKey fee_recipient = 2;
  PublicKey mint = 3;
  PublicKey bonding_curve = 4;
  PublicKey associated_bonding_curve = 5;
  PublicKey associated_user = 6;
  PublicKey user = 7;
  PublicKey system_program = 8;
  PublicKey token_program = 9;
  PublicKey creator_vault = 10;
  PublicKey event_authority = 11;
  PublicKey program = 12;
  PublicKey global_volume_accumulator = 13;
  PublicKey user_volume_accumulator = 14;
  PublicKey fee_config = 15;
  PublicKey fee_program = 16;
  repeated PublicKey remaining_accounts = 17;
}
    
message BuyExactSolInArgs {
  uint64 spendable_sol_in = 1;
  uint64 min_tokens_out = 2;
  OptionBool track_volume = 3;
}
    
message BuyExactSolIn {
  BuyExactSolInAccounts accounts = 1;
  BuyExactSolInArgs args = 2;
}
    
message ClaimCashbackAccounts {
  PublicKey user = 1;
  PublicKey user_volume_accumulator = 2;
  PublicKey system_program = 3;
  PublicKey event_authority = 4;
  PublicKey program = 5;
  repeated PublicKey remaining_accounts = 6;
}
    
message ClaimCashbackArgs {
}
    
message ClaimCashback {
  ClaimCashbackAccounts accounts = 1;
  ClaimCashbackArgs args = 2;
}
    
message ClaimTokenIncentivesAccounts {
  PublicKey user = 1;
  PublicKey user_ata = 2;
  PublicKey global_volume_accumulator = 3;
  PublicKey global_incentive_token_account = 4;
  PublicKey user_volume_accumulator = 5;
  PublicKey mint = 6;
  PublicKey token_program = 7;
  PublicKey system_program = 8;
  PublicKey associated_token_program = 9;
  PublicKey event_authority = 10;
  PublicKey program = 11;
  PublicKey payer = 12;
  repeated PublicKey remaining_accounts = 13;
}
    
message ClaimTokenIncentivesArgs {
}
    
message ClaimTokenIncentives {
  ClaimTokenIncentivesAccounts accounts = 1;
  ClaimTokenIncentivesArgs args = 2;
}
    
message CloseUserVolumeAccumulatorAccounts {
  PublicKey user = 1;
  PublicKey user_volume_accumulator = 2;
  PublicKey event_authority = 3;
  PublicKey program = 4;
  repeated PublicKey remaining_accounts = 5;
}
    
message CloseUserVolumeAccumulatorArgs {
}
    
message CloseUserVolumeAccumulator {
  CloseUserVolumeAccumulatorAccounts accounts = 1;
  CloseUserVolumeAccumulatorArgs args = 2;
}
    
message CollectCreatorFeeAccounts {
  PublicKey creator = 1;
  PublicKey creator_vault = 2;
  PublicKey system_program = 3;
  PublicKey event_authority = 4;
  PublicKey program = 5;
  repeated PublicKey remaining_accounts = 6;
}
    
message CollectCreatorFeeArgs {
}
    
message CollectCreatorFee {
  CollectCreatorFeeAccounts accounts = 1;
  CollectCreatorFeeArgs args = 2;
}
    
message CreateAccounts {
  PublicKey mint = 1;
  PublicKey mint_authority = 2;
  PublicKey bonding_curve = 3;
  PublicKey associated_bonding_curve = 4;
  PublicKey global = 5;
  PublicKey mpl_token_metadata = 6;
  PublicKey metadata = 7;
  PublicKey user = 8;
  PublicKey system_program = 9;
  PublicKey token_program = 10;
  PublicKey associated_token_program = 11;
  PublicKey rent = 12;
  PublicKey event_authority = 13;
  PublicKey program = 14;
  repeated PublicKey remaining_accounts = 15;
}
    
message CreateArgs {
  string name = 1;
  string symbol = 2;
  string uri = 3;
  PublicKey creator = 4;
}
    
message Create {
  CreateAccounts accounts = 1;
  CreateArgs args = 2;
}
    
message CreateV2Accounts {
  PublicKey mint = 1;
  PublicKey mint_authority = 2;
  PublicKey bonding_curve = 3;
  PublicKey associated_bonding_curve = 4;
  PublicKey global = 5;
  PublicKey user = 6;
  PublicKey system_program = 7;
  PublicKey token_program = 8;
  PublicKey associated_token_program = 9;
  PublicKey mayhem_program_id = 10;
  PublicKey global_params = 11;
  PublicKey sol_vault = 12;
  PublicKey mayhem_state = 13;
  PublicKey mayhem_token_vault = 14;
  PublicKey event_authority = 15;
  PublicKey program = 16;
  repeated PublicKey remaining_accounts = 17;
}
    
message CreateV2Args {
  string name = 1;
  string symbol = 2;
  string uri = 3;
  PublicKey creator = 4;
  bool is_mayhem_mode = 5;
  OptionBool is_cashback_enabled = 6;
}
    
message CreateV2 {
  CreateV2Accounts accounts = 1;
  CreateV2Args args = 2;
}
    
message DistributeCreatorFeesAccounts {
  PublicKey mint = 1;
  PublicKey bonding_curve = 2;
  PublicKey sharing_config = 3;
  PublicKey creator_vault = 4;
  PublicKey system_program = 5;
  PublicKey event_authority = 6;
  PublicKey program = 7;
  repeated PublicKey remaining_accounts = 8;
}
    
message DistributeCreatorFeesArgs {
}
    
message DistributeCreatorFees {
  DistributeCreatorFeesAccounts accounts = 1;
  DistributeCreatorFeesArgs args = 2;
}
    
message ExtendAccountAccounts {
  PublicKey account = 1;
  PublicKey user = 2;
  PublicKey system_program = 3;
  PublicKey event_authority = 4;
  PublicKey program = 5;
  repeated PublicKey remaining_accounts = 6;
}
    
message ExtendAccountArgs {
}
    
message ExtendAccount {
  ExtendAccountAccounts accounts = 1;
  ExtendAccountArgs args = 2;
}
    
message GetMinimumDistributableFeeAccounts {
  PublicKey mint = 1;
  PublicKey bonding_curve = 2;
  PublicKey sharing_config = 3;
  PublicKey creator_vault = 4;
  repeated PublicKey remaining_accounts = 5;
}
    
message GetMinimumDistributableFeeArgs {
}
    
message GetMinimumDistributableFee {
  GetMinimumDistributableFeeAccounts accounts = 1;
  GetMinimumDistributableFeeArgs args = 2;
}
    
message InitUserVolumeAccumulatorAccounts {
  PublicKey payer = 1;
  PublicKey user = 2;
  PublicKey user_volume_accumulator = 3;
  PublicKey system_program = 4;
  PublicKey event_authority = 5;
  PublicKey program = 6;
  repeated PublicKey remaining_accounts = 7;
}
    
message InitUserVolumeAccumulatorArgs {
}
    
message InitUserVolumeAccumulator {
  InitUserVolumeAccumulatorAccounts accounts = 1;
  InitUserVolumeAccumulatorArgs args = 2;
}
    
message InitializeAccounts {
  PublicKey global = 1;
  PublicKey user = 2;
  PublicKey system_program = 3;
  repeated PublicKey remaining_accounts = 4;
}
    
message InitializeArgs {
}
    
message Initialize {
  InitializeAccounts accounts = 1;
  InitializeArgs args = 2;
}
    
message MigrateAccounts {
  PublicKey global = 1;
  PublicKey withdraw_authority = 2;
  PublicKey mint = 3;
  PublicKey bonding_curve = 4;
  PublicKey associated_bonding_curve = 5;
  PublicKey user = 6;
  PublicKey system_program = 7;
  PublicKey token_program = 8;
  PublicKey pump_amm = 9;
  PublicKey pool = 10;
  PublicKey pool_authority = 11;
  PublicKey pool_authority_mint_account = 12;
  PublicKey pool_authority_wsol_account = 13;
  PublicKey amm_global_config = 14;
  PublicKey wsol_mint = 15;
  PublicKey lp_mint = 16;
  PublicKey user_pool_token_account = 17;
  PublicKey pool_base_token_account = 18;
  PublicKey pool_quote_token_account = 19;
  PublicKey token2022_program = 20;
  PublicKey associated_token_program = 21;
  PublicKey pump_amm_event_authority = 22;
  PublicKey event_authority = 23;
  PublicKey program = 24;
  repeated PublicKey remaining_accounts = 25;
}
    
message MigrateArgs {
}
    
message Migrate {
  MigrateAccounts accounts = 1;
  MigrateArgs args = 2;
}
    
message MigrateBondingCurveCreatorAccounts {
  PublicKey mint = 1;
  PublicKey bonding_curve = 2;
  PublicKey sharing_config = 3;
  PublicKey event_authority = 4;
  PublicKey program = 5;
  repeated PublicKey remaining_accounts = 6;
}
    
message MigrateBondingCurveCreatorArgs {
}
    
message MigrateBondingCurveCreator {
  MigrateBondingCurveCreatorAccounts accounts = 1;
  MigrateBondingCurveCreatorArgs args = 2;
}
    
message SellAccounts {
  PublicKey global = 1;
  PublicKey fee_recipient = 2;
  PublicKey mint = 3;
  PublicKey bonding_curve = 4;
  PublicKey associated_bonding_curve = 5;
  PublicKey associated_user = 6;
  PublicKey user = 7;
  PublicKey system_program = 8;
  PublicKey creator_vault = 9;
  PublicKey token_program = 10;
  PublicKey event_authority = 11;
  PublicKey program = 12;
  PublicKey fee_config = 13;
  PublicKey fee_program = 14;
  repeated PublicKey remaining_accounts = 15;
}
    
message SellArgs {
  uint64 amount = 1;
  uint64 min_sol_output = 2;
}
    
message Sell {
  SellAccounts accounts = 1;
  SellArgs args = 2;
}
    
message SetCreatorAccounts {
  PublicKey set_creator_authority = 1;
  PublicKey global = 2;
  PublicKey mint = 3;
  PublicKey metadata = 4;
  PublicKey bonding_curve = 5;
  PublicKey event_authority = 6;
  PublicKey program = 7;
  repeated PublicKey remaining_accounts = 8;
}
    
message SetCreatorArgs {
  PublicKey creator = 1;
}
    
message SetCreator {
  SetCreatorAccounts accounts = 1;
  SetCreatorArgs args = 2;
}
    
message SetMayhemVirtualParamsAccounts {
  PublicKey sol_vault_authority = 1;
  PublicKey mayhem_token_vault = 2;
  PublicKey mint = 3;
  PublicKey global = 4;
  PublicKey bonding_curve = 5;
  PublicKey token_program = 6;
  PublicKey event_authority = 7;
  PublicKey program = 8;
  repeated PublicKey remaining_accounts = 9;
}
    
message SetMayhemVirtualParamsArgs {
}
    
message SetMayhemVirtualParams {
  SetMayhemVirtualParamsAccounts accounts = 1;
  SetMayhemVirtualParamsArgs args = 2;
}
    
message SetMetaplexCreatorAccounts {
  PublicKey mint = 1;
  PublicKey metadata = 2;
  PublicKey bonding_curve = 3;
  PublicKey event_authority = 4;
  PublicKey program = 5;
  repeated PublicKey remaining_accounts = 6;
}
    
message SetMetaplexCreatorArgs {
}
    
message SetMetaplexCreator {
  SetMetaplexCreatorAccounts accounts = 1;
  SetMetaplexCreatorArgs args = 2;
}
    
message SetParamsAccounts {
  PublicKey global = 1;
  PublicKey authority = 2;
  PublicKey event_authority = 3;
  PublicKey program = 4;
  repeated PublicKey remaining_accounts = 5;
}
    
message SetParamsArgs {
  uint64 initial_virtual_token_reserves = 1;
  uint64 initial_virtual_sol_reserves = 2;
  uint64 initial_real_token_reserves = 3;
  uint64 token_total_supply = 4;
  uint64 fee_basis_points = 5;
  PublicKey withdraw_authority = 6;
  bool enable_migrate = 7;
  uint64 pool_migration_fee = 8;
  uint64 creator_fee_basis_points = 9;
  PublicKey set_creator_authority = 10;
  PublicKey admin_set_creator_authority = 11;
}
    
message SetParams {
  SetParamsAccounts accounts = 1;
  SetParamsArgs args = 2;
}
    
message SetReservedFeeRecipientsAccounts {
  PublicKey global = 1;
  PublicKey authority = 2;
  PublicKey event_authority = 3;
  PublicKey program = 4;
  repeated PublicKey remaining_accounts = 5;
}
    
message SetReservedFeeRecipientsArgs {
  PublicKey whitelist_pda = 1;
}
    
message SetReservedFeeRecipients {
  SetReservedFeeRecipientsAccounts accounts = 1;
  SetReservedFeeRecipientsArgs args = 2;
}
    
message SyncUserVolumeAccumulatorAccounts {
  PublicKey user = 1;
  PublicKey global_volume_accumulator = 2;
  PublicKey user_volume_accumulator = 3;
  PublicKey event_authority = 4;
  PublicKey program = 5;
  repeated PublicKey remaining_accounts = 6;
}
    
message SyncUserVolumeAccumulatorArgs {
}
    
message SyncUserVolumeAccumulator {
  SyncUserVolumeAccumulatorAccounts accounts = 1;
  SyncUserVolumeAccumulatorArgs args = 2;
}
    
message ToggleCashbackEnabledAccounts {
  PublicKey global = 1;
  PublicKey authority = 2;
  PublicKey event_authority = 3;
  PublicKey program = 4;
  repeated PublicKey remaining_accounts = 5;
}
    
message ToggleCashbackEnabledArgs {
  bool enabled = 1;
}
    
message ToggleCashbackEnabled {
  ToggleCashbackEnabledAccounts accounts = 1;
  ToggleCashbackEnabledArgs args = 2;
}
    
message ToggleCreateV2Accounts {
  PublicKey global = 1;
  PublicKey authority = 2;
  PublicKey event_authority = 3;
  PublicKey program = 4;
  repeated PublicKey remaining_accounts = 5;
}
    
message ToggleCreateV2Args {
  bool enabled = 1;
}
    
message ToggleCreateV2 {
  ToggleCreateV2Accounts accounts = 1;
  ToggleCreateV2Args args = 2;
}
    
message ToggleMayhemModeAccounts {
  PublicKey global = 1;
  PublicKey authority = 2;
  PublicKey event_authority = 3;
  PublicKey program = 4;
  repeated PublicKey remaining_accounts = 5;
}
    
message ToggleMayhemModeArgs {
  bool enabled = 1;
}
    
message ToggleMayhemMode {
  ToggleMayhemModeAccounts accounts = 1;
  ToggleMayhemModeArgs args = 2;
}
    
message UpdateGlobalAuthorityAccounts {
  PublicKey global = 1;
  PublicKey authority = 2;
  PublicKey new_authority = 3;
  PublicKey event_authority = 4;
  PublicKey program = 5;
  repeated PublicKey remaining_accounts = 6;
}
    
message UpdateGlobalAuthorityArgs {
}
    
message UpdateGlobalAuthority {
  UpdateGlobalAuthorityAccounts accounts = 1;
  UpdateGlobalAuthorityArgs args = 2;
}
    
message PumpFunAccount {
  oneof account {
    BondingCurve bonding_curve = 1;
    FeeConfig fee_config = 2;
    Global global = 3;
    GlobalVolumeAccumulator global_volume_accumulator = 4;
    SharingConfig sharing_config = 5;
    UserVolumeAccumulator user_volume_accumulator = 6;
  }
}
message Instructions {
  oneof instruction {
    AdminSetCreator admin_set_creator = 1;
    AdminSetIdlAuthority admin_set_idl_authority = 2;
    AdminUpdateTokenIncentives admin_update_token_incentives = 3;
    Buy buy = 4;
    BuyExactSolIn buy_exact_sol_in = 5;
    ClaimCashback claim_cashback = 6;
    ClaimTokenIncentives claim_token_incentives = 7;
    CloseUserVolumeAccumulator close_user_volume_accumulator = 8;
    CollectCreatorFee collect_creator_fee = 9;
    Create create = 10;
    CreateV2 create_v2 = 11;
    DistributeCreatorFees distribute_creator_fees = 12;
    ExtendAccount extend_account = 13;
    GetMinimumDistributableFee get_minimum_distributable_fee = 14;
    InitUserVolumeAccumulator init_user_volume_accumulator = 15;
    Initialize initialize = 16;
    Migrate migrate = 17;
    MigrateBondingCurveCreator migrate_bonding_curve_creator = 18;
    Sell sell = 19;
    SetCreator set_creator = 20;
    SetMayhemVirtualParams set_mayhem_virtual_params = 21;
    SetMetaplexCreator set_metaplex_creator = 22;
    SetParams set_params = 23;
    SetReservedFeeRecipients set_reserved_fee_recipients = 24;
    SyncUserVolumeAccumulator sync_user_volume_accumulator = 25;
    ToggleCashbackEnabled toggle_cashback_enabled = 26;
    ToggleCreateV2 toggle_create_v2 = 27;
    ToggleMayhemMode toggle_mayhem_mode = 28;
    UpdateGlobalAuthority update_global_authority = 29;
  }
}
