---
source: tests/proc-macro/tests/pump_fun.rs
expression: "pump_fun::PROTOBUF_SCHEMA"
---
syntax = "proto3";

package pump_fun;

message PublicKey {
  bytes value = 1;
}
    
message AdminSetCreatorEvent {
  int64 timestamp = 1;
  PublicKey admin_set_creator_authority = 2;
  PublicKey mint = 3;
  PublicKey bonding_curve = 4;
  PublicKey old_creator = 5;
  PublicKey new_creator = 6;
}
    
message AdminSetIdlAuthorityEvent {
  PublicKey idl_authority = 1;
}
    
message AdminUpdateTokenIncentivesEvent {
  int64 start_time = 1;
  int64 end_time = 2;
  uint64 day_number = 3;
  uint64 token_supply_per_day = 4;
  PublicKey mint = 5;
  int64 seconds_in_a_day = 6;
  int64 timestamp = 7;
}
    
message ClaimTokenIncentivesEvent {
  PublicKey user = 1;
  PublicKey mint = 2;
  uint64 amount = 3;
  int64 timestamp = 4;
  uint64 total_claimed_tokens = 5;
  uint64 current_sol_volume = 6;
}
    
message CloseUserVolumeAccumulatorEvent {
  PublicKey user = 1;
  int64 timestamp = 2;
  uint64 total_unclaimed_tokens = 3;
  uint64 total_claimed_tokens = 4;
  uint64 current_sol_volume = 5;
  int64 last_update_timestamp = 6;
}
    
message CollectCreatorFeeEvent {
  int64 timestamp = 1;
  PublicKey creator = 2;
  uint64 creator_fee = 3;
}
    
message CompleteEvent {
  PublicKey user = 1;
  PublicKey mint = 2;
  PublicKey bonding_curve = 3;
  int64 timestamp = 4;
}
    
message CompletePumpAmmMigrationEvent {
  PublicKey user = 1;
  PublicKey mint = 2;
  uint64 mint_amount = 3;
  uint64 sol_amount = 4;
  uint64 pool_migration_fee = 5;
  PublicKey bonding_curve = 6;
  int64 timestamp = 7;
  PublicKey pool = 8;
}
    
message CreateEvent {
  string name = 1;
  string symbol = 2;
  string uri = 3;
  PublicKey mint = 4;
  PublicKey bonding_curve = 5;
  PublicKey user = 6;
  PublicKey creator = 7;
  int64 timestamp = 8;
  uint64 virtual_token_reserves = 9;
  uint64 virtual_sol_reserves = 10;
  uint64 real_token_reserves = 11;
  uint64 token_total_supply = 12;
  PublicKey token_program = 13;
  bool is_mayhem_mode = 14;
}
    
message ExtendAccountEvent {
  PublicKey account = 1;
  PublicKey user = 2;
  uint64 current_size = 3;
  uint64 new_size = 4;
  int64 timestamp = 5;
}
    
message FeeTier {
  bytes market_cap_lamports_threshold = 1;
  Fees fees = 2;
}
    
message Fees {
  uint64 lp_fee_bps = 1;
  uint64 protocol_fee_bps = 2;
  uint64 creator_fee_bps = 3;
}
    
message InitUserVolumeAccumulatorEvent {
  PublicKey payer = 1;
  PublicKey user = 2;
  int64 timestamp = 3;
}
    
message OptionBool {
  bool item_0 = 1;
}
    
message ReservedFeeRecipientsEvent {
  int64 timestamp = 1;
  PublicKey reserved_fee_recipient = 2;
  repeated PublicKey reserved_fee_recipients = 3;
}
    
message SetCreatorEvent {
  int64 timestamp = 1;
  PublicKey mint = 2;
  PublicKey bonding_curve = 3;
  PublicKey creator = 4;
}
    
message SetMetaplexCreatorEvent {
  int64 timestamp = 1;
  PublicKey mint = 2;
  PublicKey bonding_curve = 3;
  PublicKey metadata = 4;
  PublicKey creator = 5;
}
    
message SetParamsEvent {
  uint64 initial_virtual_token_reserves = 1;
  uint64 initial_virtual_sol_reserves = 2;
  uint64 initial_real_token_reserves = 3;
  uint64 final_real_sol_reserves = 4;
  uint64 token_total_supply = 5;
  uint64 fee_basis_points = 6;
  PublicKey withdraw_authority = 7;
  bool enable_migrate = 8;
  uint64 pool_migration_fee = 9;
  uint64 creator_fee_basis_points = 10;
  repeated PublicKey fee_recipients = 11;
  int64 timestamp = 12;
  PublicKey set_creator_authority = 13;
  PublicKey admin_set_creator_authority = 14;
}
    
message SyncUserVolumeAccumulatorEvent {
  PublicKey user = 1;
  uint64 total_claimed_tokens_before = 2;
  uint64 total_claimed_tokens_after = 3;
  int64 timestamp = 4;
}
    
message TradeEvent {
  PublicKey mint = 1;
  uint64 sol_amount = 2;
  uint64 token_amount = 3;
  bool is_buy = 4;
  PublicKey user = 5;
  int64 timestamp = 6;
  uint64 virtual_sol_reserves = 7;
  uint64 virtual_token_reserves = 8;
  uint64 real_sol_reserves = 9;
  uint64 real_token_reserves = 10;
  PublicKey fee_recipient = 11;
  uint64 fee_basis_points = 12;
  uint64 fee = 13;
  PublicKey creator = 14;
  uint64 creator_fee_basis_points = 15;
  uint64 creator_fee = 16;
  bool track_volume = 17;
  uint64 total_unclaimed_tokens = 18;
  uint64 total_claimed_tokens = 19;
  uint64 current_sol_volume = 20;
  int64 last_update_timestamp = 21;
  string ix_name = 22;
}
    
message UpdateGlobalAuthorityEvent {
  PublicKey global = 1;
  PublicKey authority = 2;
  PublicKey new_authority = 3;
  int64 timestamp = 4;
}
    
message BondingCurve {
  uint64 virtual_token_reserves = 1;
  uint64 virtual_sol_reserves = 2;
  uint64 real_token_reserves = 3;
  uint64 real_sol_reserves = 4;
  uint64 token_total_supply = 5;
  bool complete = 6;
  PublicKey creator = 7;
  bool is_mayhem_mode = 8;
}
    
message FeeConfig {
  uint32 bump = 1;
  PublicKey admin = 2;
  Fees flat_fees = 3;
  repeated FeeTier fee_tiers = 4;
}
    
message Global {
  bool initialized = 1;
  PublicKey authority = 2;
  PublicKey fee_recipient = 3;
  uint64 initial_virtual_token_reserves = 4;
  uint64 initial_virtual_sol_reserves = 5;
  uint64 initial_real_token_reserves = 6;
  uint64 token_total_supply = 7;
  uint64 fee_basis_points = 8;
  PublicKey withdraw_authority = 9;
  bool enable_migrate = 10;
  uint64 pool_migration_fee = 11;
  uint64 creator_fee_basis_points = 12;
  repeated PublicKey fee_recipients = 13;
  PublicKey set_creator_authority = 14;
  PublicKey admin_set_creator_authority = 15;
  bool create_v2_enabled = 16;
  PublicKey whitelist_pda = 17;
  PublicKey reserved_fee_recipient = 18;
  bool mayhem_mode_enabled = 19;
  repeated PublicKey reserved_fee_recipients = 20;
}
    
message GlobalVolumeAccumulator {
  int64 start_time = 1;
  int64 end_time = 2;
  int64 seconds_in_a_day = 3;
  PublicKey mint = 4;
  repeated uint64 total_token_supply = 5;
  repeated uint64 sol_volumes = 6;
}
    
message UserVolumeAccumulator {
  PublicKey user = 1;
  bool needs_claim = 2;
  uint64 total_unclaimed_tokens = 3;
  uint64 total_claimed_tokens = 4;
  uint64 current_sol_volume = 5;
  int64 last_update_timestamp = 6;
  bool has_total_claimed_tokens = 7;
}
    
message AdminSetCreatorAccounts {
  PublicKey admin_set_creator_authority = 1;
  PublicKey global = 2;
  PublicKey mint = 3;
  PublicKey bonding_curve = 4;
  PublicKey event_authority = 5;
  PublicKey program = 6;
}
    
message AdminSetCreatorArgs {
  PublicKey creator = 1;
}
    
message AdminSetCreator {
  optional AdminSetCreatorAccounts accounts = 1;
  optional AdminSetCreatorArgs args = 2;
}
    
message AdminSetIdlAuthorityAccounts {
  PublicKey authority = 1;
  PublicKey global = 2;
  PublicKey idl_account = 3;
  PublicKey system_program = 4;
  PublicKey program_signer = 5;
  PublicKey event_authority = 6;
  PublicKey program = 7;
}
    
message AdminSetIdlAuthorityArgs {
  PublicKey idl_authority = 1;
}
    
message AdminSetIdlAuthority {
  optional AdminSetIdlAuthorityAccounts accounts = 1;
  optional AdminSetIdlAuthorityArgs args = 2;
}
    
message AdminUpdateTokenIncentivesAccounts {
  PublicKey authority = 1;
  PublicKey global = 2;
  PublicKey global_volume_accumulator = 3;
  PublicKey mint = 4;
  PublicKey global_incentive_token_account = 5;
  PublicKey associated_token_program = 6;
  PublicKey system_program = 7;
  PublicKey token_program = 8;
  PublicKey event_authority = 9;
  PublicKey program = 10;
}
    
message AdminUpdateTokenIncentivesArgs {
  int64 start_time = 1;
  int64 end_time = 2;
  int64 seconds_in_a_day = 3;
  uint64 day_number = 4;
  uint64 pump_token_supply_per_day = 5;
}
    
message AdminUpdateTokenIncentives {
  optional AdminUpdateTokenIncentivesAccounts accounts = 1;
  optional AdminUpdateTokenIncentivesArgs args = 2;
}
    
message BuyAccounts {
  PublicKey global = 1;
  PublicKey fee_recipient = 2;
  PublicKey mint = 3;
  PublicKey bonding_curve = 4;
  PublicKey associated_bonding_curve = 5;
  PublicKey associated_user = 6;
  PublicKey user = 7;
  PublicKey system_program = 8;
  PublicKey token_program = 9;
  PublicKey creator_vault = 10;
  PublicKey event_authority = 11;
  PublicKey program = 12;
  PublicKey global_volume_accumulator = 13;
  PublicKey user_volume_accumulator = 14;
  PublicKey fee_config = 15;
  PublicKey fee_program = 16;
}
    
message BuyArgs {
  uint64 amount = 1;
  uint64 max_sol_cost = 2;
  OptionBool track_volume = 3;
}
    
message Buy {
  optional BuyAccounts accounts = 1;
  optional BuyArgs args = 2;
}
    
message BuyExactSolInAccounts {
  PublicKey global = 1;
  PublicKey fee_recipient = 2;
  PublicKey mint = 3;
  PublicKey bonding_curve = 4;
  PublicKey associated_bonding_curve = 5;
  PublicKey associated_user = 6;
  PublicKey user = 7;
  PublicKey system_program = 8;
  PublicKey token_program = 9;
  PublicKey creator_vault = 10;
  PublicKey event_authority = 11;
  PublicKey program = 12;
  PublicKey global_volume_accumulator = 13;
  PublicKey user_volume_accumulator = 14;
  PublicKey fee_config = 15;
  PublicKey fee_program = 16;
}
    
message BuyExactSolInArgs {
  uint64 spendable_sol_in = 1;
  uint64 min_tokens_out = 2;
  OptionBool track_volume = 3;
}
    
message BuyExactSolIn {
  optional BuyExactSolInAccounts accounts = 1;
  optional BuyExactSolInArgs args = 2;
}
    
message ClaimTokenIncentivesAccounts {
  PublicKey user = 1;
  PublicKey user_ata = 2;
  PublicKey global_volume_accumulator = 3;
  PublicKey global_incentive_token_account = 4;
  PublicKey user_volume_accumulator = 5;
  PublicKey mint = 6;
  PublicKey token_program = 7;
  PublicKey system_program = 8;
  PublicKey associated_token_program = 9;
  PublicKey event_authority = 10;
  PublicKey program = 11;
  PublicKey payer = 12;
}
    
message ClaimTokenIncentivesArgs {
}
    
message ClaimTokenIncentives {
  optional ClaimTokenIncentivesAccounts accounts = 1;
  optional ClaimTokenIncentivesArgs args = 2;
}
    
message CloseUserVolumeAccumulatorAccounts {
  PublicKey user = 1;
  PublicKey user_volume_accumulator = 2;
  PublicKey event_authority = 3;
  PublicKey program = 4;
}
    
message CloseUserVolumeAccumulatorArgs {
}
    
message CloseUserVolumeAccumulator {
  optional CloseUserVolumeAccumulatorAccounts accounts = 1;
  optional CloseUserVolumeAccumulatorArgs args = 2;
}
    
message CollectCreatorFeeAccounts {
  PublicKey creator = 1;
  PublicKey creator_vault = 2;
  PublicKey system_program = 3;
  PublicKey event_authority = 4;
  PublicKey program = 5;
}
    
message CollectCreatorFeeArgs {
}
    
message CollectCreatorFee {
  optional CollectCreatorFeeAccounts accounts = 1;
  optional CollectCreatorFeeArgs args = 2;
}
    
message CreateAccounts {
  PublicKey mint = 1;
  PublicKey mint_authority = 2;
  PublicKey bonding_curve = 3;
  PublicKey associated_bonding_curve = 4;
  PublicKey global = 5;
  PublicKey mpl_token_metadata = 6;
  PublicKey metadata = 7;
  PublicKey user = 8;
  PublicKey system_program = 9;
  PublicKey token_program = 10;
  PublicKey associated_token_program = 11;
  PublicKey rent = 12;
  PublicKey event_authority = 13;
  PublicKey program = 14;
}
    
message CreateArgs {
  string name = 1;
  string symbol = 2;
  string uri = 3;
  PublicKey creator = 4;
}
    
message Create {
  optional CreateAccounts accounts = 1;
  optional CreateArgs args = 2;
}
    
message CreateV2Accounts {
  PublicKey mint = 1;
  PublicKey mint_authority = 2;
  PublicKey bonding_curve = 3;
  PublicKey associated_bonding_curve = 4;
  PublicKey global = 5;
  PublicKey user = 6;
  PublicKey system_program = 7;
  PublicKey token_program = 8;
  PublicKey associated_token_program = 9;
  PublicKey mayhem_program_id = 10;
  PublicKey global_params = 11;
  PublicKey sol_vault = 12;
  PublicKey mayhem_state = 13;
  PublicKey mayhem_token_vault = 14;
  PublicKey event_authority = 15;
  PublicKey program = 16;
}
    
message CreateV2Args {
  string name = 1;
  string symbol = 2;
  string uri = 3;
  PublicKey creator = 4;
  bool is_mayhem_mode = 5;
}
    
message CreateV2 {
  optional CreateV2Accounts accounts = 1;
  optional CreateV2Args args = 2;
}
    
message ExtendAccountAccounts {
  PublicKey account = 1;
  PublicKey user = 2;
  PublicKey system_program = 3;
  PublicKey event_authority = 4;
  PublicKey program = 5;
}
    
message ExtendAccountArgs {
}
    
message ExtendAccount {
  optional ExtendAccountAccounts accounts = 1;
  optional ExtendAccountArgs args = 2;
}
    
message InitUserVolumeAccumulatorAccounts {
  PublicKey payer = 1;
  PublicKey user = 2;
  PublicKey user_volume_accumulator = 3;
  PublicKey system_program = 4;
  PublicKey event_authority = 5;
  PublicKey program = 6;
}
    
message InitUserVolumeAccumulatorArgs {
}
    
message InitUserVolumeAccumulator {
  optional InitUserVolumeAccumulatorAccounts accounts = 1;
  optional InitUserVolumeAccumulatorArgs args = 2;
}
    
message InitializeAccounts {
  PublicKey global = 1;
  PublicKey user = 2;
  PublicKey system_program = 3;
}
    
message InitializeArgs {
}
    
message Initialize {
  optional InitializeAccounts accounts = 1;
  optional InitializeArgs args = 2;
}
    
message MigrateAccounts {
  PublicKey global = 1;
  PublicKey withdraw_authority = 2;
  PublicKey mint = 3;
  PublicKey bonding_curve = 4;
  PublicKey associated_bonding_curve = 5;
  PublicKey user = 6;
  PublicKey system_program = 7;
  PublicKey token_program = 8;
  PublicKey pump_amm = 9;
  PublicKey pool = 10;
  PublicKey pool_authority = 11;
  PublicKey pool_authority_mint_account = 12;
  PublicKey pool_authority_wsol_account = 13;
  PublicKey amm_global_config = 14;
  PublicKey wsol_mint = 15;
  PublicKey lp_mint = 16;
  PublicKey user_pool_token_account = 17;
  PublicKey pool_base_token_account = 18;
  PublicKey pool_quote_token_account = 19;
  PublicKey token2022_program = 20;
  PublicKey associated_token_program = 21;
  PublicKey pump_amm_event_authority = 22;
  PublicKey event_authority = 23;
  PublicKey program = 24;
}
    
message MigrateArgs {
}
    
message Migrate {
  optional MigrateAccounts accounts = 1;
  optional MigrateArgs args = 2;
}
    
message SellAccounts {
  PublicKey global = 1;
  PublicKey fee_recipient = 2;
  PublicKey mint = 3;
  PublicKey bonding_curve = 4;
  PublicKey associated_bonding_curve = 5;
  PublicKey associated_user = 6;
  PublicKey user = 7;
  PublicKey system_program = 8;
  PublicKey creator_vault = 9;
  PublicKey token_program = 10;
  PublicKey event_authority = 11;
  PublicKey program = 12;
  PublicKey fee_config = 13;
  PublicKey fee_program = 14;
}
    
message SellArgs {
  uint64 amount = 1;
  uint64 min_sol_output = 2;
}
    
message Sell {
  optional SellAccounts accounts = 1;
  optional SellArgs args = 2;
}
    
message SetCreatorAccounts {
  PublicKey set_creator_authority = 1;
  PublicKey global = 2;
  PublicKey mint = 3;
  PublicKey metadata = 4;
  PublicKey bonding_curve = 5;
  PublicKey event_authority = 6;
  PublicKey program = 7;
}
    
message SetCreatorArgs {
  PublicKey creator = 1;
}
    
message SetCreator {
  optional SetCreatorAccounts accounts = 1;
  optional SetCreatorArgs args = 2;
}
    
message SetMetaplexCreatorAccounts {
  PublicKey mint = 1;
  PublicKey metadata = 2;
  PublicKey bonding_curve = 3;
  PublicKey event_authority = 4;
  PublicKey program = 5;
}
    
message SetMetaplexCreatorArgs {
}
    
message SetMetaplexCreator {
  optional SetMetaplexCreatorAccounts accounts = 1;
  optional SetMetaplexCreatorArgs args = 2;
}
    
message SetParamsAccounts {
  PublicKey global = 1;
  PublicKey authority = 2;
  PublicKey event_authority = 3;
  PublicKey program = 4;
}
    
message SetParamsArgs {
  uint64 initial_virtual_token_reserves = 1;
  uint64 initial_virtual_sol_reserves = 2;
  uint64 initial_real_token_reserves = 3;
  uint64 token_total_supply = 4;
  uint64 fee_basis_points = 5;
  PublicKey withdraw_authority = 6;
  bool enable_migrate = 7;
  uint64 pool_migration_fee = 8;
  uint64 creator_fee_basis_points = 9;
  PublicKey set_creator_authority = 10;
  PublicKey admin_set_creator_authority = 11;
}
    
message SetParams {
  optional SetParamsAccounts accounts = 1;
  optional SetParamsArgs args = 2;
}
    
message SetReservedFeeRecipientsAccounts {
  PublicKey global = 1;
  PublicKey authority = 2;
  PublicKey event_authority = 3;
  PublicKey program = 4;
}
    
message SetReservedFeeRecipientsArgs {
  PublicKey whitelist_pda = 1;
}
    
message SetReservedFeeRecipients {
  optional SetReservedFeeRecipientsAccounts accounts = 1;
  optional SetReservedFeeRecipientsArgs args = 2;
}
    
message SyncUserVolumeAccumulatorAccounts {
  PublicKey user = 1;
  PublicKey global_volume_accumulator = 2;
  PublicKey user_volume_accumulator = 3;
  PublicKey event_authority = 4;
  PublicKey program = 5;
}
    
message SyncUserVolumeAccumulatorArgs {
}
    
message SyncUserVolumeAccumulator {
  optional SyncUserVolumeAccumulatorAccounts accounts = 1;
  optional SyncUserVolumeAccumulatorArgs args = 2;
}
    
message ToggleCreateV2Accounts {
  PublicKey global = 1;
  PublicKey authority = 2;
  PublicKey event_authority = 3;
  PublicKey program = 4;
}
    
message ToggleCreateV2Args {
  bool enabled = 1;
}
    
message ToggleCreateV2 {
  optional ToggleCreateV2Accounts accounts = 1;
  optional ToggleCreateV2Args args = 2;
}
    
message ToggleMayhemModeAccounts {
  PublicKey global = 1;
  PublicKey authority = 2;
  PublicKey event_authority = 3;
  PublicKey program = 4;
}
    
message ToggleMayhemModeArgs {
  bool enabled = 1;
}
    
message ToggleMayhemMode {
  optional ToggleMayhemModeAccounts accounts = 1;
  optional ToggleMayhemModeArgs args = 2;
}
    
message UpdateGlobalAuthorityAccounts {
  PublicKey global = 1;
  PublicKey authority = 2;
  PublicKey new_authority = 3;
  PublicKey event_authority = 4;
  PublicKey program = 5;
}
    
message UpdateGlobalAuthorityArgs {
}
    
message UpdateGlobalAuthority {
  optional UpdateGlobalAuthorityAccounts accounts = 1;
  optional UpdateGlobalAuthorityArgs args = 2;
}
    
message PumpFunAccount {
  oneof account {
    BondingCurve bonding_curve = 1;
    FeeConfig fee_config = 2;
    Global global = 3;
    GlobalVolumeAccumulator global_volume_accumulator = 4;
    UserVolumeAccumulator user_volume_accumulator = 5;
  }
}
message Instructions {
  oneof instruction {
    AdminSetCreator admin_set_creator = 1;
    AdminSetIdlAuthority admin_set_idl_authority = 2;
    AdminUpdateTokenIncentives admin_update_token_incentives = 3;
    Buy buy = 4;
    BuyExactSolIn buy_exact_sol_in = 5;
    ClaimTokenIncentives claim_token_incentives = 6;
    CloseUserVolumeAccumulator close_user_volume_accumulator = 7;
    CollectCreatorFee collect_creator_fee = 8;
    Create create = 9;
    CreateV2 create_v2 = 10;
    ExtendAccount extend_account = 11;
    InitUserVolumeAccumulator init_user_volume_accumulator = 12;
    Initialize initialize = 13;
    Migrate migrate = 14;
    Sell sell = 15;
    SetCreator set_creator = 16;
    SetMetaplexCreator set_metaplex_creator = 17;
    SetParams set_params = 18;
    SetReservedFeeRecipients set_reserved_fee_recipients = 19;
    SyncUserVolumeAccumulator sync_user_volume_accumulator = 20;
    ToggleCreateV2 toggle_create_v2 = 21;
    ToggleMayhemMode toggle_mayhem_mode = 22;
    UpdateGlobalAuthority update_global_authority = 23;
  }
}
