---
source: tests/anchor-events/tests/lo_v1.rs
expression: "limit_order_events::PROTOBUF_SCHEMA"
---
syntax = "proto3";

package limit_order_events;

message PublicKey {
  bytes value = 1;
}
    
message TradeEventAccounts {
  repeated PublicKey remaining_accounts = 1;
}
    
message TradeEventArgs {
  PublicKey order_key = 1;
  PublicKey taker = 2;
  uint64 remaining_in_amount = 3;
  uint64 remaining_out_amount = 4;
  uint64 in_amount = 5;
  uint64 out_amount = 6;
}
    
message TradeEvent {
  TradeEventAccounts accounts = 1;
  TradeEventArgs args = 2;
}
    
message CancelOrderEventAccounts {
  repeated PublicKey remaining_accounts = 1;
}
    
message CancelOrderEventArgs {
  PublicKey order_key = 1;
}
    
message CancelOrderEvent {
  CancelOrderEventAccounts accounts = 1;
  CancelOrderEventArgs args = 2;
}
    
message CreateOrderEventAccounts {
  repeated PublicKey remaining_accounts = 1;
}
    
message CreateOrderEventArgs {
  PublicKey order_key = 1;
  PublicKey maker = 2;
  PublicKey input_mint = 3;
  PublicKey output_mint = 4;
  uint64 in_amount = 5;
  uint64 out_amount = 6;
  optional int64 expired_at = 7;
}
    
message CreateOrderEvent {
  CreateOrderEventAccounts accounts = 1;
  CreateOrderEventArgs args = 2;
}
    
message Instructions {
  oneof instruction {
    TradeEvent trade_event = 1;
    CancelOrderEvent cancel_order_event = 2;
    CreateOrderEvent create_order_event = 3;
  }
}
